// Jest Snapshot v1, https://goo.gl/fbAQLP

exports[`Test HTML parser basic html page 1`] = `
"<!DOCTYPE html>
<html>
  <head>
    <meta charset=\\"utf-8\\" />
    <title>HTML test</title>
  </head>
  <body>
    <article class=\\"\\">
      <h1 class=\\"\\">Title</h1>
      <p class=\\"\\">
        Lorem ipsum dolor sit amet, consetetur sadipscing elitr, sed diam nonumy
        eirmod tempor invidunt ut labore et dolore magna aliquyam erat, sed diam
        voluptua. At vero eos et accusam et justo duo dolores et ea rebum. Stet
        clita kasd gubergren, no sea takimata sanctus est Lorem ipsum dolor sit
        amet.
      </p>
      <p class=\\"\\">
        Lorem ipsum dolor sit amet, consetetur sadipscing elitr, sed diam nonumy
        eirmod tempor invidunt ut labore et dolore magna aliquyam erat, sed diam
        voluptua. At vero eos et accusam et justo duo dolores et ea rebum. Stet
        clita kasd gubergren, no sea takimata sanctus est Lorem ipsum dolor sit
        amet.
      </p>
    </article>
  </body>
</html>
"
`;
